// Jest Snapshot v1, https://goo.gl/fbAQLP

exports[`AddTodo test renders without crashing 1`] = `
<AddTodo
  addTodo={[Function]}
  store={
    Object {
      "clearActions": [Function],
      "dispatch": [Function],
      "getActions": [Function],
      "getState": [Function],
      "replaceReducer": [Function],
      "subscribe": [Function],
    }
  }
/>
`;
